TOAST INFO: Executing workflow with 1 MPI tasks, each with 8 OpenMP threads at 2026-09-16 20:59:39.700772
TOAST INFO: Start of the workflow:  Memory usage (whole node)
       total : 1007.054 GB
   available :  995.402 GB
     percent :    1.200 % 
        used :    6.756 GB
        free :  751.922 GB
      active :   33.593 GB
    inactive :  215.053 GB
     buffers :   57.219 MB
      cached :  248.320 GB
      shared :    7.980 MB
        slab :    1.870 GB

TOAST WARNING: so3g_compat_mode overrides use_ephem=True
TOAST INFO: ML mapmaker is enabled, forcing process group size to 1
TOAST INFO:   Created a TOAST communicator with 1 ranks and 1 process groups of 1 ranks each
TOAST INFO: Running load_data_hdf5...
TOAST INFO: Finished load_data_hdf5 in 1.31 s
TOAST INFO: Running load_data_books...
TOAST INFO: Finished load_data_books in 0.00 s
TOAST INFO: Running load_data_context...
TOAST INFO: Finished load_data_context in 0.00 s
TOAST INFO: Running act_responsivity_sign...
TOAST INFO: Finished act_responsivity_sign in 0.00 s
TOAST INFO: Running create_az_intervals...
TOAST INFO: Finished create_az_intervals in 0.00 s
TOAST INFO: Running apply_readout_filter...
TOAST INFO: Finished apply_readout_filter in 0.00 s
TOAST INFO: Running deconvolve_detector_timeconstant...
TOAST INFO: Finished deconvolve_detector_timeconstant in 0.00 s
TOAST INFO: Running append_weather_model...
TOAST INFO: Finished append_weather_model in 0.00 s
TOAST INFO: Running diff_noise_estimation...
TOAST INFO: Finished diff_noise_estimation in 0.00 s
TOAST INFO: Running simple_jumpcorrect...
TOAST INFO: Finished simple_jumpcorrect in 0.00 s
TOAST INFO: Running simple_deglitch...
TOAST INFO: Finished simple_deglitch in 0.00 s
TOAST INFO: Running raw_statistics...
TOAST INFO: Finished raw_statistics in 0.00 s
TOAST INFO: Running diff_noise_estimation...
TOAST INFO: Finished diff_noise_estimation in 0.00 s
TOAST INFO: Running noise_estimation...
TOAST INFO: Noise_estim disabled, nothing to fit
TOAST INFO: Finished noise_estimation in 0.00 s
TOAST INFO: Running demodulate...
TOAST INFO: Finished demodulate in 0.00 s
TOAST INFO: Running filter_ground...
TOAST INFO: Finished filter_ground in 0.00 s
TOAST INFO: Running filter_common_mode...
TOAST INFO: Finished filter_common_mode in 0.00 s
TOAST INFO: Running filter_poly1d...
TOAST INFO: Finished filter_poly1d in 0.00 s
TOAST INFO: Running filter_poly2d...
TOAST INFO: Finished filter_poly2d in 0.00 s
TOAST INFO: Running diff_noise_estimation...
TOAST INFO: Finished diff_noise_estimation in 0.00 s
TOAST INFO: Running noise_estimation...
TOAST INFO: Noise_estim disabled, nothing to fit
TOAST INFO: Finished noise_estimation in 0.00 s
TOAST INFO: Running processing_mask...
TOAST INFO: Finished processing_mask in 0.00 s
TOAST INFO: Running flag_sso...
TOAST INFO: Finished flag_sso in 0.00 s
TOAST INFO: Running hn_map...
TOAST INFO: Finished hn_map in 0.00 s
TOAST INFO: Running cadence_map...
TOAST INFO: Finished cadence_map in 0.00 s
TOAST INFO: Running crosslinking_map...
TOAST INFO: Finished crosslinking_map in 0.00 s
TOAST INFO: Running mapmaker_ml...
TOAST INFO: Starting pass 1/1, maxit=400 down=1, interp=nearest
TOAST INFO: MLMapmaker wrapped observations and built noise models in 6.06 s
TOAST INFO: MLMapmaker finished prepare in 0.69 s
TOAST INFO: Wrote rhs to /shared_home/henachman/SO_PointingReqs/mapmaking/slurm_mlmapmaking_run_77945/mlmapmaker_sky_rhs.fits
TOAST INFO: Wrote divTT to /shared_home/henachman/SO_PointingReqs/mapmaking/slurm_mlmapmaking_run_77945/mlmapmaker_sky_divTT.fits
TOAST INFO: Wrote divTQ to /shared_home/henachman/SO_PointingReqs/mapmaking/slurm_mlmapmaking_run_77945/mlmapmaker_sky_divTQ.fits
TOAST INFO: Wrote divTU to /shared_home/henachman/SO_PointingReqs/mapmaking/slurm_mlmapmaking_run_77945/mlmapmaker_sky_divTU.fits
TOAST INFO: Wrote divQT to /shared_home/henachman/SO_PointingReqs/mapmaking/slurm_mlmapmaking_run_77945/mlmapmaker_sky_divQT.fits
TOAST INFO: Wrote divQQ to /shared_home/henachman/SO_PointingReqs/mapmaking/slurm_mlmapmaking_run_77945/mlmapmaker_sky_divQQ.fits
TOAST INFO: Wrote divQU to /shared_home/henachman/SO_PointingReqs/mapmaking/slurm_mlmapmaking_run_77945/mlmapmaker_sky_divQU.fits
TOAST INFO: Wrote divUT to /shared_home/henachman/SO_PointingReqs/mapmaking/slurm_mlmapmaking_run_77945/mlmapmaker_sky_divUT.fits
TOAST INFO: Wrote divUQ to /shared_home/henachman/SO_PointingReqs/mapmaking/slurm_mlmapmaking_run_77945/mlmapmaker_sky_divUQ.fits
TOAST INFO: Wrote divUU to /shared_home/henachman/SO_PointingReqs/mapmaking/slurm_mlmapmaking_run_77945/mlmapmaker_sky_divUU.fits
TOAST INFO: Wrote hits to /shared_home/henachman/SO_PointingReqs/mapmaking/slurm_mlmapmaking_run_77945/mlmapmaker_sky_hits.fits
TOAST INFO: Wrote bin to /shared_home/henachman/SO_PointingReqs/mapmaking/slurm_mlmapmaking_run_77945/mlmapmaker_sky_bin.fits
TOAST INFO: MLMapmaker finished writing rhs, div, bin in 0.33 s
TOAST INFO: MLMapmaker   CG step    1   1.3840715e-01 write=False  0.88 s
TOAST INFO: MLMapmaker   CG step    2   3.4719706e-02 write=False  0.84 s
TOAST INFO: MLMapmaker   CG step    3   1.2684530e-02 write=False  0.84 s
TOAST INFO: MLMapmaker   CG step    4   5.2666680e-03 write=False  0.83 s
TOAST INFO: MLMapmaker   CG step    5   2.4657969e-03 write=False  0.84 s
TOAST INFO: MLMapmaker   CG step    6   1.3804853e-03 write=False  0.83 s
TOAST INFO: MLMapmaker   CG step    7   8.6151905e-04 write=False  0.84 s
TOAST INFO: MLMapmaker   CG step    8   6.0167519e-04 write=False  0.83 s
TOAST INFO: MLMapmaker   CG step    9   4.5873268e-04 write=False  0.83 s
TOAST INFO: MLMapmaker   CG step   10   3.8769042e-04 write=False  0.84 s
TOAST INFO: MLMapmaker   CG step   11   3.4405703e-04 write=False  0.85 s
TOAST INFO: MLMapmaker   CG step   12   3.3899470e-04 write=False  0.83 s
TOAST INFO: MLMapmaker   CG step   13   3.4925840e-04 write=False  0.83 s
TOAST INFO: MLMapmaker   CG step   14   3.6374179e-04 write=False  0.85 s
TOAST INFO: MLMapmaker   CG step   15   3.9820311e-04 write=False  0.84 s
TOAST INFO: MLMapmaker   CG step   16   4.2982155e-04 write=False  0.84 s
TOAST INFO: MLMapmaker   CG step   17   4.8764150e-04 write=False  0.83 s
TOAST INFO: MLMapmaker   CG step   18   5.4857807e-04 write=False  0.84 s
TOAST INFO: MLMapmaker   CG step   19   5.9389666e-04 write=False  0.84 s
TOAST INFO: MLMapmaker   CG step   20   6.2802937e-04 write=False  0.84 s
TOAST INFO: MLMapmaker   CG step   21   6.4638774e-04 write=False  0.83 s
TOAST INFO: MLMapmaker   CG step   22   6.8755171e-04 write=False  0.84 s
TOAST INFO: MLMapmaker   CG step   23   7.2013261e-04 write=False  0.84 s
TOAST INFO: MLMapmaker   CG step   24   7.2439658e-04 write=False  0.84 s
TOAST INFO: MLMapmaker   CG step   25   7.4809863e-04 write=False  0.83 s
TOAST INFO: MLMapmaker   CG step   26   7.5805575e-04 write=False  0.84 s
TOAST INFO: MLMapmaker   CG step   27   7.4178695e-04 write=False  0.84 s
TOAST INFO: MLMapmaker   CG step   28   7.3150901e-04 write=False  0.84 s
TOAST INFO: MLMapmaker   CG step   29   7.3235730e-04 write=False  0.84 s
TOAST INFO: MLMapmaker   CG step   30   7.2460015e-04 write=False  0.84 s
TOAST INFO: MLMapmaker   CG step   31   7.1738471e-04 write=False  0.84 s
TOAST INFO: MLMapmaker   CG step   32   7.3866392e-04 write=False  0.82 s
TOAST INFO: MLMapmaker   CG step   33   7.5768563e-04 write=False  0.83 s
TOAST INFO: MLMapmaker   CG step   34   7.7652904e-04 write=False  0.83 s
TOAST INFO: MLMapmaker   CG step   35   7.8925888e-04 write=False  0.83 s
TOAST INFO: MLMapmaker   CG step   36   7.8215931e-04 write=False  0.85 s
TOAST INFO: MLMapmaker   CG step   37   7.9478988e-04 write=False  0.84 s
TOAST INFO: MLMapmaker   CG step   38   8.0989263e-04 write=False  0.84 s
TOAST INFO: MLMapmaker   CG step   39   8.2482550e-04 write=False  0.84 s
TOAST INFO: MLMapmaker   CG step   40   8.2212871e-04 write=False  0.84 s
TOAST INFO: MLMapmaker   CG step   41   8.1825948e-04 write=False  0.84 s
TOAST INFO: MLMapmaker   CG step   42   8.7077228e-04 write=False  0.84 s
TOAST INFO: MLMapmaker   CG step   43   9.1051946e-04 write=False  0.84 s
TOAST INFO: MLMapmaker   CG step   44   9.3077863e-04 write=False  0.83 s
TOAST INFO: MLMapmaker   CG step   45   9.4680095e-04 write=False  0.84 s
TOAST INFO: MLMapmaker   CG step   46   9.4773764e-04 write=False  0.83 s
TOAST INFO: MLMapmaker   CG step   47   9.4671717e-04 write=False  0.84 s
TOAST INFO: MLMapmaker   CG step   48   9.1862979e-04 write=False  0.84 s
TOAST INFO: MLMapmaker   CG step   49   8.9888439e-04 write=False  0.84 s
TOAST INFO: MLMapmaker   CG step   50   8.8862057e-04 write=False  0.84 s
TOAST INFO: MLMapmaker   CG step   51   8.6519689e-04 write=False  0.85 s
TOAST INFO: MLMapmaker   CG step   52   8.2405807e-04 write=False  0.83 s
TOAST INFO: MLMapmaker   CG step   53   7.5890147e-04 write=False  0.84 s
TOAST INFO: MLMapmaker   CG step   54   7.0787812e-04 write=False  0.83 s
TOAST INFO: MLMapmaker   CG step   55   6.6830679e-04 write=False  0.84 s
TOAST INFO: MLMapmaker   CG step   56   6.1618128e-04 write=False  0.85 s
TOAST INFO: MLMapmaker   CG step   57   5.5523528e-04 write=False  0.85 s
TOAST INFO: MLMapmaker   CG step   58   5.0014834e-04 write=False  0.84 s
TOAST INFO: MLMapmaker   CG step   59   4.5919620e-04 write=False  0.82 s
TOAST INFO: MLMapmaker   CG step   60   4.1635210e-04 write=False  0.82 s
TOAST INFO: MLMapmaker   CG step   61   3.8299540e-04 write=False  0.85 s
TOAST INFO: MLMapmaker   CG step   62   3.6359750e-04 write=False  0.83 s
TOAST INFO: MLMapmaker   CG step   63   3.4021483e-04 write=False  0.84 s
TOAST INFO: MLMapmaker   CG step   64   3.1847485e-04 write=False  0.84 s
TOAST INFO: MLMapmaker   CG step   65   2.9970831e-04 write=False  0.84 s
TOAST INFO: MLMapmaker   CG step   66   2.8099961e-04 write=False  0.83 s
TOAST INFO: MLMapmaker   CG step   67   2.6293802e-04 write=False  0.83 s
TOAST INFO: MLMapmaker   CG step   68   2.4544902e-04 write=False  0.83 s
TOAST INFO: MLMapmaker   CG step   69   2.3273327e-04 write=False  0.83 s
TOAST INFO: MLMapmaker   CG step   70   2.2484930e-04 write=False  0.84 s
TOAST INFO: MLMapmaker   CG step   71   2.2097385e-04 write=False  0.84 s
TOAST INFO: MLMapmaker   CG step   72   2.1797145e-04 write=False  0.83 s
TOAST INFO: MLMapmaker   CG step   73   2.1304166e-04 write=False  0.82 s
TOAST INFO: MLMapmaker   CG step   74   2.1098897e-04 write=False  0.83 s
TOAST INFO: MLMapmaker   CG step   75   2.1019425e-04 write=False  0.84 s
TOAST INFO: MLMapmaker   CG step   76   2.0911141e-04 write=False  0.82 s
TOAST INFO: MLMapmaker   CG step   77   2.0645899e-04 write=False  0.84 s
TOAST INFO: MLMapmaker   CG step   78   2.0678714e-04 write=False  0.83 s
TOAST INFO: MLMapmaker   CG step   79   2.0998360e-04 write=False  0.84 s
TOAST INFO: MLMapmaker   CG step   80   2.1193499e-04 write=False  0.83 s
TOAST INFO: MLMapmaker   CG step   81   2.1275902e-04 write=False  0.84 s
TOAST INFO: MLMapmaker   CG step   82   2.0963739e-04 write=False  0.85 s
TOAST INFO: MLMapmaker   CG step   83   2.0350302e-04 write=False  0.84 s
TOAST INFO: MLMapmaker   CG step   84   1.9492910e-04 write=False  0.83 s
TOAST INFO: MLMapmaker   CG step   85   1.8511893e-04 write=False  0.84 s
TOAST INFO: MLMapmaker   CG step   86   1.7715462e-04 write=False  0.83 s
TOAST INFO: MLMapmaker   CG step   87   1.6884380e-04 write=False  0.82 s
TOAST INFO: MLMapmaker   CG step   88   1.6386921e-04 write=False  0.84 s
TOAST INFO: MLMapmaker   CG step   89   1.5895704e-04 write=False  0.83 s
TOAST INFO: MLMapmaker   CG step   90   1.5079822e-04 write=False  0.85 s
TOAST INFO: MLMapmaker   CG step   91   1.4516790e-04 write=False  0.83 s
TOAST INFO: MLMapmaker   CG step   92   1.4174543e-04 write=False  0.84 s
TOAST INFO: MLMapmaker   CG step   93   1.3778223e-04 write=False  0.84 s
TOAST INFO: MLMapmaker   CG step   94   1.3249655e-04 write=False  0.83 s
TOAST INFO: MLMapmaker   CG step   95   1.2981228e-04 write=False  0.84 s
TOAST INFO: MLMapmaker   CG step   96   1.3100253e-04 write=False  0.85 s
TOAST INFO: MLMapmaker   CG step   97   1.3170419e-04 write=False  0.83 s
TOAST INFO: MLMapmaker   CG step   98   1.3302898e-04 write=False  0.84 s
TOAST INFO: MLMapmaker   CG step   99   1.3647490e-04 write=False  0.84 s
TOAST INFO: MLMapmaker   CG step  100   1.3929643e-04 write=True  0.84 s
TOAST INFO: Wrote signal to /shared_home/henachman/SO_PointingReqs/mapmaking/slurm_mlmapmaking_run_77945/mlmapmaker_sky_map0100.fits in 0.05 s
TOAST INFO: MLMapmaker   CG step  101   1.4006213e-04 write=False  0.83 s
TOAST INFO: MLMapmaker   CG step  102   1.3966275e-04 write=False  0.84 s
TOAST INFO: MLMapmaker   CG step  103   1.4123805e-04 write=False  0.83 s
TOAST INFO: MLMapmaker   CG step  104   1.4018216e-04 write=False  0.83 s
TOAST INFO: MLMapmaker   CG step  105   1.3346998e-04 write=False  0.85 s
TOAST INFO: MLMapmaker   CG step  106   1.3106328e-04 write=False  0.83 s
TOAST INFO: MLMapmaker   CG step  107   1.3340917e-04 write=False  0.82 s
TOAST INFO: MLMapmaker   CG step  108   1.3295500e-04 write=False  0.83 s
TOAST INFO: MLMapmaker   CG step  109   1.3278086e-04 write=False  0.84 s
TOAST INFO: MLMapmaker   CG step  110   1.3134472e-04 write=False  0.83 s
TOAST INFO: MLMapmaker   CG step  111   1.2450991e-04 write=False  0.84 s
TOAST INFO: MLMapmaker   CG step  112   1.1607923e-04 write=False  0.84 s
TOAST INFO: MLMapmaker   CG step  113   1.1042104e-04 write=False  0.84 s
TOAST INFO: MLMapmaker   CG step  114   1.0651133e-04 write=False  0.83 s
TOAST INFO: MLMapmaker   CG step  115   1.0080647e-04 write=False  0.84 s
TOAST INFO: MLMapmaker   CG step  116   9.4815884e-05 write=False  0.82 s
TOAST INFO: MLMapmaker   CG step  117   9.1151000e-05 write=False  0.84 s
TOAST INFO: MLMapmaker   CG step  118   8.9899690e-05 write=False  0.83 s
TOAST INFO: MLMapmaker   CG step  119   8.7905612e-05 write=False  0.82 s
TOAST INFO: MLMapmaker   CG step  120   8.7008195e-05 write=False  0.81 s
TOAST INFO: MLMapmaker   CG step  121   8.6781171e-05 write=False  0.80 s
TOAST INFO: MLMapmaker   CG step  122   8.3025983e-05 write=False  0.82 s
TOAST INFO: MLMapmaker   CG step  123   7.7482921e-05 write=False  0.82 s
TOAST INFO: MLMapmaker   CG step  124   7.2814196e-05 write=False  0.81 s
TOAST INFO: MLMapmaker   CG step  125   6.8791367e-05 write=False  0.84 s
TOAST INFO: MLMapmaker   CG step  126   6.4069574e-05 write=False  0.82 s
TOAST INFO: MLMapmaker   CG step  127   5.9964054e-05 write=False  0.82 s
TOAST INFO: MLMapmaker   CG step  128   5.7029021e-05 write=False  0.82 s
TOAST INFO: MLMapmaker   CG step  129   5.3549316e-05 write=False  0.83 s
TOAST INFO: MLMapmaker   CG step  130   5.0404025e-05 write=False  0.81 s
TOAST INFO: MLMapmaker   CG step  131   4.8224338e-05 write=False  0.83 s
TOAST INFO: MLMapmaker   CG step  132   4.6290875e-05 write=False  0.81 s
TOAST INFO: MLMapmaker   CG step  133   4.5811807e-05 write=False  0.81 s
TOAST INFO: MLMapmaker   CG step  134   4.6241745e-05 write=False  0.82 s
TOAST INFO: MLMapmaker   CG step  135   4.5792414e-05 write=False  0.81 s
TOAST INFO: MLMapmaker   CG step  136   4.5096706e-05 write=False  0.82 s
TOAST INFO: MLMapmaker   CG step  137   4.5638474e-05 write=False  0.83 s
TOAST INFO: MLMapmaker   CG step  138   4.6512352e-05 write=False  0.81 s
TOAST INFO: MLMapmaker   CG step  139   4.6436667e-05 write=False  0.82 s
TOAST INFO: MLMapmaker   CG step  140   4.5919356e-05 write=False  0.82 s
TOAST INFO: MLMapmaker   CG step  141   4.5443873e-05 write=False  0.81 s
TOAST INFO: MLMapmaker   CG step  142   4.5314207e-05 write=False  0.81 s
TOAST INFO: MLMapmaker   CG step  143   4.6248845e-05 write=False  0.83 s
TOAST INFO: MLMapmaker   CG step  144   4.8398785e-05 write=False  0.82 s
TOAST INFO: MLMapmaker   CG step  145   5.0726411e-05 write=False  0.81 s
TOAST INFO: MLMapmaker   CG step  146   5.3388250e-05 write=False  0.82 s
TOAST INFO: MLMapmaker   CG step  147   5.5882812e-05 write=False  0.82 s
TOAST INFO: MLMapmaker   CG step  148   5.7469374e-05 write=False  0.80 s
TOAST INFO: MLMapmaker   CG step  149   5.8306487e-05 write=False  0.82 s
TOAST INFO: MLMapmaker   CG step  150   5.8726944e-05 write=False  0.83 s
TOAST INFO: MLMapmaker   CG step  151   5.9161076e-05 write=False  0.82 s
TOAST INFO: MLMapmaker   CG step  152   5.9099239e-05 write=False  0.82 s
TOAST INFO: MLMapmaker   CG step  153   5.7583375e-05 write=False  0.80 s
TOAST INFO: MLMapmaker   CG step  154   5.5469137e-05 write=False  0.83 s
TOAST INFO: MLMapmaker   CG step  155   5.4413566e-05 write=False  0.82 s
TOAST INFO: MLMapmaker   CG step  156   5.3686732e-05 write=False  0.83 s
TOAST INFO: MLMapmaker   CG step  157   5.1428567e-05 write=False  0.82 s
TOAST INFO: MLMapmaker   CG step  158   4.8310701e-05 write=False  0.82 s
TOAST INFO: MLMapmaker   CG step  159   4.5490872e-05 write=False  0.82 s
TOAST INFO: MLMapmaker   CG step  160   4.2711097e-05 write=False  0.83 s
TOAST INFO: MLMapmaker   CG step  161   3.9841678e-05 write=False  0.83 s
TOAST INFO: MLMapmaker   CG step  162   3.7520018e-05 write=False  0.84 s
TOAST INFO: MLMapmaker   CG step  163   3.5505986e-05 write=False  0.81 s
TOAST INFO: MLMapmaker   CG step  164   3.2932531e-05 write=False  0.82 s
TOAST INFO: MLMapmaker   CG step  165   3.0307166e-05 write=False  0.83 s
TOAST INFO: MLMapmaker   CG step  166   2.8075527e-05 write=False  0.82 s
TOAST INFO: MLMapmaker   CG step  167   2.6235885e-05 write=False  0.84 s
TOAST INFO: MLMapmaker   CG step  168   2.4539983e-05 write=False  0.82 s
TOAST INFO: MLMapmaker   CG step  169   2.2718122e-05 write=False  0.82 s
TOAST INFO: MLMapmaker   CG step  170   2.1090293e-05 write=False  0.83 s
TOAST INFO: MLMapmaker   CG step  171   1.9833575e-05 write=False  0.81 s
TOAST INFO: MLMapmaker   CG step  172   1.8713784e-05 write=False  0.82 s
TOAST INFO: MLMapmaker   CG step  173   1.7746924e-05 write=False  0.83 s
TOAST INFO: MLMapmaker   CG step  174   1.7130605e-05 write=False  0.83 s
TOAST INFO: MLMapmaker   CG step  175   1.6618449e-05 write=False  0.82 s
TOAST INFO: MLMapmaker   CG step  176   1.5910063e-05 write=False  0.83 s
TOAST INFO: MLMapmaker   CG step  177   1.4972778e-05 write=False  0.83 s
TOAST INFO: MLMapmaker   CG step  178   1.4281031e-05 write=False  0.82 s
TOAST INFO: MLMapmaker   CG step  179   1.3701144e-05 write=False  0.82 s
TOAST INFO: MLMapmaker   CG step  180   1.3025385e-05 write=False  0.82 s
TOAST INFO: MLMapmaker   CG step  181   1.2634672e-05 write=False  0.82 s
TOAST INFO: MLMapmaker   CG step  182   1.2637784e-05 write=False  0.83 s
TOAST INFO: MLMapmaker   CG step  183   1.2657899e-05 write=False  0.82 s
TOAST INFO: MLMapmaker   CG step  184   1.2686964e-05 write=False  0.83 s
TOAST INFO: MLMapmaker   CG step  185   1.2703671e-05 write=False  0.83 s
TOAST INFO: MLMapmaker   CG step  186   1.2751767e-05 write=False  0.83 s
TOAST INFO: MLMapmaker   CG step  187   1.2908685e-05 write=False  0.82 s
TOAST INFO: MLMapmaker   CG step  188   1.3065897e-05 write=False  0.82 s
TOAST INFO: MLMapmaker   CG step  189   1.3129157e-05 write=False  0.82 s
TOAST INFO: MLMapmaker   CG step  190   1.3004854e-05 write=False  0.82 s
TOAST INFO: MLMapmaker   CG step  191   1.2820487e-05 write=False  0.82 s
TOAST INFO: MLMapmaker   CG step  192   1.2609261e-05 write=False  0.83 s
TOAST INFO: MLMapmaker   CG step  193   1.2164650e-05 write=False  0.82 s
TOAST INFO: MLMapmaker   CG step  194   1.1547770e-05 write=False  0.83 s
TOAST INFO: MLMapmaker   CG step  195   1.0906256e-05 write=False  0.83 s
TOAST INFO: MLMapmaker   CG step  196   1.0189036e-05 write=False  0.81 s
TOAST INFO: MLMapmaker   CG step  197   9.3822106e-06 write=False  0.82 s
TOAST INFO: MLMapmaker   CG step  198   8.5581990e-06 write=False  0.82 s
TOAST INFO: MLMapmaker   CG step  199   7.8191200e-06 write=False  0.82 s
TOAST INFO: MLMapmaker   CG step  200   7.2748312e-06 write=True  0.83 s
TOAST INFO: Wrote signal to /shared_home/henachman/SO_PointingReqs/mapmaking/slurm_mlmapmaking_run_77945/mlmapmaker_sky_map0200.fits in 0.05 s
TOAST INFO: MLMapmaker   CG step  201   6.8721613e-06 write=False  0.82 s
TOAST INFO: MLMapmaker   CG step  202   6.6122035e-06 write=False  0.83 s
TOAST INFO: MLMapmaker   CG step  203   6.4283444e-06 write=False  0.82 s
TOAST INFO: MLMapmaker   CG step  204   6.2560125e-06 write=False  0.82 s
TOAST INFO: MLMapmaker   CG step  205   6.2413599e-06 write=False  0.83 s
TOAST INFO: MLMapmaker   CG step  206   6.4151876e-06 write=False  0.82 s
TOAST INFO: MLMapmaker   CG step  207   6.6511439e-06 write=False  0.82 s
TOAST INFO: MLMapmaker   CG step  208   6.9370999e-06 write=False  0.82 s
TOAST INFO: MLMapmaker   CG step  209   7.2833638e-06 write=False  0.81 s
TOAST INFO: MLMapmaker   CG step  210   7.6216543e-06 write=False  0.82 s
TOAST INFO: MLMapmaker   CG step  211   8.0262757e-06 write=False  0.82 s
TOAST INFO: MLMapmaker   CG step  212   8.4491192e-06 write=False  0.83 s
TOAST INFO: MLMapmaker   CG step  213   8.7687220e-06 write=False  0.82 s
TOAST INFO: MLMapmaker   CG step  214   8.9292456e-06 write=False  0.82 s
TOAST INFO: MLMapmaker   CG step  215   8.8909234e-06 write=False  0.82 s
TOAST INFO: MLMapmaker   CG step  216   8.7725934e-06 write=False  0.83 s
TOAST INFO: MLMapmaker   CG step  217   8.7774784e-06 write=False  0.81 s
TOAST INFO: MLMapmaker   CG step  218   8.8998224e-06 write=False  0.81 s
TOAST INFO: MLMapmaker   CG step  219   9.0447551e-06 write=False  0.82 s
TOAST INFO: MLMapmaker   CG step  220   9.2357614e-06 write=False  0.82 s
TOAST INFO: MLMapmaker   CG step  221   9.3546076e-06 write=False  0.82 s
TOAST INFO: MLMapmaker   CG step  222   9.3409459e-06 write=False  0.82 s
TOAST INFO: MLMapmaker   CG step  223   9.1912660e-06 write=False  0.82 s
TOAST INFO: MLMapmaker   CG step  224   8.8666022e-06 write=False  0.83 s
TOAST INFO: MLMapmaker   CG step  225   8.5740555e-06 write=False  0.80 s
TOAST INFO: MLMapmaker   CG step  226   8.3890012e-06 write=False  0.81 s
TOAST INFO: MLMapmaker   CG step  227   8.2948214e-06 write=False  0.82 s
TOAST INFO: MLMapmaker   CG step  228   8.2664005e-06 write=False  0.82 s
TOAST INFO: MLMapmaker   CG step  229   8.2700813e-06 write=False  0.81 s
TOAST INFO: MLMapmaker   CG step  230   8.2527318e-06 write=False  0.82 s
TOAST INFO: MLMapmaker   CG step  231   8.1493799e-06 write=False  0.81 s
TOAST INFO: MLMapmaker   CG step  232   8.0056139e-06 write=False  0.82 s
TOAST INFO: MLMapmaker   CG step  233   7.8180806e-06 write=False  0.82 s
TOAST INFO: MLMapmaker   CG step  234   7.5662198e-06 write=False  0.82 s
TOAST INFO: MLMapmaker   CG step  235   7.2860236e-06 write=False  0.83 s
TOAST INFO: MLMapmaker   CG step  236   7.1169551e-06 write=False  0.82 s
TOAST INFO: MLMapmaker   CG step  237   7.0344193e-06 write=False  0.82 s
TOAST INFO: MLMapmaker   CG step  238   6.8705341e-06 write=False  0.82 s
TOAST INFO: MLMapmaker   CG step  239   6.6007374e-06 write=False  0.83 s
TOAST INFO: MLMapmaker   CG step  240   6.3357563e-06 write=False  0.82 s
TOAST INFO: MLMapmaker   CG step  241   6.1426916e-06 write=False  0.82 s
TOAST INFO: MLMapmaker   CG step  242   5.9632512e-06 write=False  0.82 s
TOAST INFO: MLMapmaker   CG step  243   5.8269497e-06 write=False  0.82 s
TOAST INFO: MLMapmaker   CG step  244   5.7567755e-06 write=False  0.82 s
TOAST INFO: MLMapmaker   CG step  245   5.6900954e-06 write=False  0.83 s
TOAST INFO: MLMapmaker   CG step  246   5.5289818e-06 write=False  0.81 s
TOAST INFO: MLMapmaker   CG step  247   5.2965443e-06 write=False  0.83 s
TOAST INFO: MLMapmaker   CG step  248   4.9869250e-06 write=False  0.82 s
TOAST INFO: MLMapmaker   CG step  249   4.6290201e-06 write=False  0.83 s
TOAST INFO: MLMapmaker   CG step  250   4.3372067e-06 write=False  0.83 s
TOAST INFO: MLMapmaker   CG step  251   4.1555561e-06 write=False  0.84 s
TOAST INFO: MLMapmaker   CG step  252   3.9939932e-06 write=False  0.82 s
TOAST INFO: MLMapmaker   CG step  253   3.8145837e-06 write=False  0.81 s
TOAST INFO: MLMapmaker   CG step  254   3.6929809e-06 write=False  0.82 s
TOAST INFO: MLMapmaker   CG step  255   3.6223777e-06 write=False  0.81 s
TOAST INFO: MLMapmaker   CG step  256   3.5644599e-06 write=False  0.81 s
TOAST INFO: MLMapmaker   CG step  257   3.4987160e-06 write=False  0.82 s
TOAST INFO: MLMapmaker   CG step  258   3.4492367e-06 write=False  0.80 s
TOAST INFO: MLMapmaker   CG step  259   3.3866981e-06 write=False  0.82 s
TOAST INFO: MLMapmaker   CG step  260   3.2879927e-06 write=False  0.81 s
TOAST INFO: MLMapmaker   CG step  261   3.1863530e-06 write=False  0.81 s
TOAST INFO: MLMapmaker   CG step  262   3.0457871e-06 write=False  0.81 s
TOAST INFO: MLMapmaker   CG step  263   2.8825231e-06 write=False  0.82 s
TOAST INFO: MLMapmaker   CG step  264   2.7524021e-06 write=False  0.81 s
TOAST INFO: MLMapmaker   CG step  265   2.6322199e-06 write=False  0.82 s
TOAST INFO: MLMapmaker   CG step  266   2.5135128e-06 write=False  0.81 s
TOAST INFO: MLMapmaker   CG step  267   2.4433679e-06 write=False  0.81 s
TOAST INFO: MLMapmaker   CG step  268   2.4159055e-06 write=False  0.81 s
TOAST INFO: MLMapmaker   CG step  269   2.4084247e-06 write=False  0.81 s
TOAST INFO: MLMapmaker   CG step  270   2.4491667e-06 write=False  0.80 s
TOAST INFO: MLMapmaker   CG step  271   2.5091597e-06 write=False  0.82 s
TOAST INFO: MLMapmaker   CG step  272   2.5444608e-06 write=False  0.81 s
TOAST INFO: MLMapmaker   CG step  273   2.5692426e-06 write=False  0.82 s
TOAST INFO: MLMapmaker   CG step  274   2.5762773e-06 write=False  0.80 s
TOAST INFO: MLMapmaker   CG step  275   2.5530588e-06 write=False  0.82 s
TOAST INFO: MLMapmaker   CG step  276   2.4994410e-06 write=False  0.81 s
TOAST INFO: MLMapmaker   CG step  277   2.4281294e-06 write=False  0.82 s
TOAST INFO: MLMapmaker   CG step  278   2.3605397e-06 write=False  0.82 s
TOAST INFO: MLMapmaker   CG step  279   2.2945911e-06 write=False  0.81 s
TOAST INFO: MLMapmaker   CG step  280   2.2621579e-06 write=False  0.82 s
TOAST INFO: MLMapmaker   CG step  281   2.2750403e-06 write=False  0.81 s
TOAST INFO: MLMapmaker   CG step  282   2.3147713e-06 write=False  0.81 s
TOAST INFO: MLMapmaker   CG step  283   2.3431766e-06 write=False  0.81 s
TOAST INFO: MLMapmaker   CG step  284   2.3502802e-06 write=False  0.81 s
TOAST INFO: MLMapmaker   CG step  285   2.3590642e-06 write=False  0.80 s
TOAST INFO: MLMapmaker   CG step  286   2.3913724e-06 write=False  0.81 s
TOAST INFO: MLMapmaker   CG step  287   2.4661925e-06 write=False  0.82 s
TOAST INFO: MLMapmaker   CG step  288   2.5504038e-06 write=False  0.81 s
TOAST INFO: MLMapmaker   CG step  289   2.5894010e-06 write=False  0.82 s
TOAST INFO: MLMapmaker   CG step  290   2.6110868e-06 write=False  0.80 s
TOAST INFO: MLMapmaker   CG step  291   2.6366833e-06 write=False  0.81 s
TOAST INFO: MLMapmaker   CG step  292   2.6333840e-06 write=False  0.81 s
TOAST INFO: MLMapmaker   CG step  293   2.6119745e-06 write=False  0.81 s
TOAST INFO: MLMapmaker   CG step  294   2.6043454e-06 write=False  0.81 s
TOAST INFO: MLMapmaker   CG step  295   2.6128412e-06 write=False  0.82 s
TOAST INFO: MLMapmaker   CG step  296   2.6390702e-06 write=False  0.82 s
TOAST INFO: MLMapmaker   CG step  297   2.6677515e-06 write=False  0.82 s
TOAST INFO: MLMapmaker   CG step  298   2.7036110e-06 write=False  0.82 s
TOAST INFO: MLMapmaker   CG step  299   2.7286095e-06 write=False  0.83 s
TOAST INFO: MLMapmaker   CG step  300   2.7593733e-06 write=True  0.82 s
TOAST INFO: Wrote signal to /shared_home/henachman/SO_PointingReqs/mapmaking/slurm_mlmapmaking_run_77945/mlmapmaker_sky_map0300.fits in 0.05 s
TOAST INFO: MLMapmaker   CG step  301   2.7603803e-06 write=False  0.81 s
TOAST INFO: MLMapmaker   CG step  302   2.7183908e-06 write=False  0.82 s
TOAST INFO: MLMapmaker   CG step  303   2.6696826e-06 write=False  0.83 s
TOAST INFO: MLMapmaker   CG step  304   2.5946637e-06 write=False  0.83 s
TOAST INFO: MLMapmaker   CG step  305   2.4699103e-06 write=False  0.82 s
TOAST INFO: MLMapmaker   CG step  306   2.3512886e-06 write=False  0.82 s
TOAST INFO: MLMapmaker   CG step  307   2.3051177e-06 write=False  0.82 s
TOAST INFO: MLMapmaker   CG step  308   2.3022060e-06 write=False  0.82 s
TOAST INFO: MLMapmaker   CG step  309   2.2826403e-06 write=False  0.81 s
TOAST INFO: MLMapmaker   CG step  310   2.2464770e-06 write=False  0.82 s
TOAST INFO: MLMapmaker   CG step  311   2.2340393e-06 write=False  0.82 s
TOAST INFO: MLMapmaker   CG step  312   2.2456197e-06 write=False  0.84 s
TOAST INFO: MLMapmaker   CG step  313   2.2599081e-06 write=False  0.82 s
TOAST INFO: MLMapmaker   CG step  314   2.2529344e-06 write=False  0.82 s
TOAST INFO: MLMapmaker   CG step  315   2.2048855e-06 write=False  0.82 s
TOAST INFO: MLMapmaker   CG step  316   2.1042702e-06 write=False  0.83 s
TOAST INFO: MLMapmaker   CG step  317   2.0004312e-06 write=False  0.81 s
TOAST INFO: MLMapmaker   CG step  318   1.9276754e-06 write=False  0.82 s
TOAST INFO: MLMapmaker   CG step  319   1.8661028e-06 write=False  0.83 s
TOAST INFO: MLMapmaker   CG step  320   1.8239530e-06 write=False  0.82 s
TOAST INFO: MLMapmaker   CG step  321   1.7945745e-06 write=False  0.81 s
TOAST INFO: MLMapmaker   CG step  322   1.7451431e-06 write=False  0.83 s
TOAST INFO: MLMapmaker   CG step  323   1.6886119e-06 write=False  0.82 s
TOAST INFO: MLMapmaker   CG step  324   1.6357306e-06 write=False  0.82 s
TOAST INFO: MLMapmaker   CG step  325   1.5718306e-06 write=False  0.84 s
TOAST INFO: MLMapmaker   CG step  326   1.5063005e-06 write=False  0.81 s
TOAST INFO: MLMapmaker   CG step  327   1.4468710e-06 write=False  0.82 s
TOAST INFO: MLMapmaker   CG step  328   1.4010669e-06 write=False  0.82 s
TOAST INFO: MLMapmaker   CG step  329   1.3631629e-06 write=False  0.83 s
TOAST INFO: MLMapmaker   CG step  330   1.3233556e-06 write=False  0.81 s
TOAST INFO: MLMapmaker   CG step  331   1.3015514e-06 write=False  0.82 s
TOAST INFO: MLMapmaker   CG step  332   1.2760578e-06 write=False  0.82 s
TOAST INFO: MLMapmaker   CG step  333   1.2404981e-06 write=False  0.82 s
TOAST INFO: MLMapmaker   CG step  334   1.2153573e-06 write=False  0.83 s
TOAST INFO: MLMapmaker   CG step  335   1.1923145e-06 write=False  0.82 s
TOAST INFO: MLMapmaker   CG step  336   1.1585198e-06 write=False  0.82 s
TOAST INFO: MLMapmaker   CG step  337   1.1338049e-06 write=False  0.83 s
TOAST INFO: MLMapmaker   CG step  338   1.1328044e-06 write=False  0.81 s
TOAST INFO: MLMapmaker   CG step  339   1.1468603e-06 write=False  0.82 s
TOAST INFO: MLMapmaker   CG step  340   1.1530827e-06 write=False  0.83 s
TOAST INFO: MLMapmaker   CG step  341   1.1451726e-06 write=False  0.83 s
TOAST INFO: MLMapmaker   CG step  342   1.1507345e-06 write=False  0.82 s
TOAST INFO: MLMapmaker   CG step  343   1.1738338e-06 write=False  0.83 s
TOAST INFO: MLMapmaker   CG step  344   1.1947814e-06 write=False  0.83 s
TOAST INFO: MLMapmaker   CG step  345   1.2057155e-06 write=False  0.83 s
TOAST INFO: MLMapmaker   CG step  346   1.2161477e-06 write=False  0.83 s
TOAST INFO: MLMapmaker   CG step  347   1.2353799e-06 write=False  0.82 s
TOAST INFO: MLMapmaker   CG step  348   1.2472706e-06 write=False  0.83 s
TOAST INFO: MLMapmaker   CG step  349   1.2420307e-06 write=False  0.83 s
TOAST INFO: MLMapmaker   CG step  350   1.2286231e-06 write=False  0.82 s
TOAST INFO: MLMapmaker   CG step  351   1.2368977e-06 write=False  0.83 s
TOAST INFO: MLMapmaker   CG step  352   1.2740785e-06 write=False  0.82 s
TOAST INFO: MLMapmaker   CG step  353   1.3167725e-06 write=False  0.82 s
TOAST INFO: MLMapmaker   CG step  354   1.3466477e-06 write=False  0.82 s
TOAST INFO: MLMapmaker   CG step  355   1.3687115e-06 write=False  0.83 s
TOAST INFO: MLMapmaker   CG step  356   1.3824033e-06 write=False  0.81 s
TOAST INFO: MLMapmaker   CG step  357   1.3935662e-06 write=False  0.82 s
TOAST INFO: MLMapmaker   CG step  358   1.3811908e-06 write=False  0.83 s
TOAST INFO: MLMapmaker   CG step  359   1.3399355e-06 write=False  0.83 s
TOAST INFO: MLMapmaker   CG step  360   1.2948280e-06 write=False  0.83 s
TOAST INFO: MLMapmaker   CG step  361   1.2642582e-06 write=False  0.82 s
TOAST INFO: MLMapmaker   CG step  362   1.2494485e-06 write=False  0.83 s
TOAST INFO: MLMapmaker   CG step  363   1.2431042e-06 write=False  0.82 s
TOAST INFO: MLMapmaker   CG step  364   1.2354662e-06 write=False  0.83 s
TOAST INFO: MLMapmaker   CG step  365   1.2189655e-06 write=False  0.83 s
TOAST INFO: MLMapmaker   CG step  366   1.1976624e-06 write=False  0.82 s
TOAST INFO: MLMapmaker   CG step  367   1.1661220e-06 write=False  0.83 s
TOAST INFO: MLMapmaker   CG step  368   1.1296365e-06 write=False  0.83 s
TOAST INFO: MLMapmaker   CG step  369   1.0858323e-06 write=False  0.81 s
TOAST INFO: MLMapmaker   CG step  370   1.0530956e-06 write=False  0.82 s
TOAST INFO: MLMapmaker   CG step  371   1.0356907e-06 write=False  0.82 s
TOAST INFO: MLMapmaker   CG step  372   1.0082072e-06 write=False  0.82 s
TOAST INFO: MLMapmaker   CG step  373   9.6957946e-07 write=False  0.82 s
TOAST INFO: MLMapmaker finished solve in 308.07 s
TOAST INFO: Wrote /shared_home/henachman/SO_PointingReqs/mapmaking/slurm_mlmapmaking_run_77945/mlmapmaker_sky_map.fits
TOAST INFO: MLMapmaker wrote map in 0.05 s
TOAST INFO: Finished mapmaker_ml in 315.22 s
TOAST INFO: Running mapmaker...
TOAST INFO:   Using regression templates:
TOAST INFO:   baselines (disabled), azss (disabled), 
TOAST INFO:   Using noise model from data files
TOAST INFO: Running mapmaker_run...
TOAST INFO: MapMaker  finished template amplitude solve in 0.00 s
TOAST INFO: MapMaker Caching pixel distribution
TOAST INFO: MapMaker  finished build of pixel distribution in 0.51 s
TOAST INFO: MapMaker begin build of final binning covariance
TOAST INFO: MapMaker  finished build of final covariance in 1.88 s
TOAST INFO: Wrote /shared_home/henachman/SO_PointingReqs/mapmaking/slurm_mlmapmaking_run_77945/mapmaker_hits.fits in 0.01 s
TOAST INFO: Wrote /shared_home/henachman/SO_PointingReqs/mapmaking/slurm_mlmapmaking_run_77945/mapmaker_rcond.fits in 0.01 s
TOAST INFO: MapMaker begin map binning
TOAST INFO: MapMaker  finished binning in 4.95 s
TOAST INFO: Wrote /shared_home/henachman/SO_PointingReqs/mapmaking/slurm_mlmapmaking_run_77945/mapmaker_binmap.fits in 0.01 s
TOAST INFO: MapMaker begin final map binning
TOAST INFO: MapMaker  finished final binning in 4.88 s
TOAST INFO: Wrote /shared_home/henachman/SO_PointingReqs/mapmaking/slurm_mlmapmaking_run_77945/mapmaker_map.fits in 0.01 s
TOAST INFO: Wrote /shared_home/henachman/SO_PointingReqs/mapmaking/slurm_mlmapmaking_run_77945/mapmaker_cov.fits in 0.02 s
TOAST INFO: MapMaker  finished output write in 0.03 s
TOAST INFO: Finished mapmaker_run in 12.25 s
TOAST INFO: Finished mapmaker in 12.25 s
TOAST INFO: Running mapmaker_filterbin...
TOAST INFO: Finished mapmaker_filterbin in 0.00 s
TOAST INFO: Running mapmaker_madam...
TOAST INFO: Finished mapmaker_madam in 0.00 s
TOAST INFO: Running filtered_statistics...
TOAST INFO: Finished filtered_statistics in 0.00 s
TOAST INFO: After reducing data:  Memory usage (whole node)
       total : 1007.054 GB
   available :  995.391 GB
     percent :    1.200 % 
        used :    6.783 GB
        free :  768.378 GB
      active :   34.155 GB
    inactive :  198.597 GB
     buffers :   57.348 MB
      cached :  231.837 GB
      shared :    7.992 MB
        slab :    1.837 GB

TOAST INFO: Workflow completed in 329.13 s
Done. Output written to /shared_home/henachman/SO_PointingReqs/mapmaking/slurm_mlmapmaking_run_77945
